...target storage, FRC\_ log files are deleted...
